// Jest Snapshot v1, https://goo.gl/fbAQLP

exports[`Testing  UserControl component renders as expected 1`] = `ReactWrapper {}`;

exports[`Testing  UserControl component renders snapshot as expected 1`] = `
<View
  style={
    Object {
      "alignItems": "center",
      "width": "100%",
    }
  }
>
  <View
    style={
      Object {
        "alignItems": "center",
        "backgroundColor": "#d9e2e7",
        "borderRadius": 45,
        "borderWidth": 0.5,
        "height": 45,
        "justifyContent": "center",
        "width": 45,
      }
    }
  >
    <Text
      style={
        Object {
          "color": "#1496bb",
        }
      }
    >
      H
    </Text>
  </View>
  <View
    style={
      Object {
        "flexDirection": "row",
        "maxHeight": 50,
        "width": "100%",
      }
    }
  >
    <View
      accessible={true}
      focusable={true}
      isTVSelectable={true}
      onClick={[Function]}
      onResponderGrant={[Function]}
      onResponderMove={[Function]}
      onResponderRelease={[Function]}
      onResponderTerminate={[Function]}
      onResponderTerminationRequest={[Function]}
      onStartShouldSetResponder={[Function]}
      style={
        Object {
          "alignItems": "center",
          "backgroundColor": "#1496bb",
          "flex": 1,
          "justifyContent": "center",
          "maxHeight": 50,
          "minHeight": 50,
          "opacity": 1,
        }
      }
    >
      <Text
        numberOfLines={1}
        style={
          Object {
            "color": "#FFFFFF",
            "fontSize": 14,
            "fontWeight": "bold",
          }
        }
      >
        DEACTIVE USER
      </Text>
    </View>
    <View
      accessible={true}
      focusable={true}
      isTVSelectable={true}
      onClick={[Function]}
      onResponderGrant={[Function]}
      onResponderMove={[Function]}
      onResponderRelease={[Function]}
      onResponderTerminate={[Function]}
      onResponderTerminationRequest={[Function]}
      onStartShouldSetResponder={[Function]}
      style={
        Object {
          "alignItems": "center",
          "backgroundColor": "#d2d2d2",
          "flex": 1,
          "justifyContent": "center",
          "maxHeight": 50,
          "minHeight": 50,
          "opacity": 1,
        }
      }
    >
      <Text
        numberOfLines={1}
        style={
          Object {
            "color": "#FFFFFF",
            "fontSize": 14,
            "fontWeight": "bold",
          }
        }
      >
        ACTIVE USER
      </Text>
    </View>
  </View>
</View>
`;
